should work:
  1: |
    apiVersion: v1
    data:
      lenses.append.conf: ""
    kind: ConfigMap
    metadata:
      labels:
        app: RELEASE-NAME
        chart: lenses-4.2.6
        heritage: Helm
        lenses.io/app: RELEASE-NAME
        lenses.io/app.type: lenses-configmap
        release: RELEASE-NAME
      name: RELEASE-NAME
