should have ClusterIP type by default:
  1: |
    apiVersion: v1
    kind: Service
    metadata:
      labels:
        app: RELEASE-NAME
        chart: lenses-4.3.6
        component: lenses
        heritage: Helm
        lenses.io/app: RELEASE-NAME
        lenses.io/app.type: lenses-service
        release: RELEASE-NAME
      name: RELEASE-NAME
    spec:
      ports:
      - name: lenses
        port: 80
        targetPort: 3030
      - name: http-metrics
        port: 9102
      selector:
        app: RELEASE-NAME
        component: lenses
      type: ClusterIP
